// Vitest Snapshot v1, https://vitest.dev/guide/snapshot.html

exports[`LinearMenu renders default 1`] = `

<div class="hidden h-10 items-center gap-x-2 rounded-xl border-[1px] bg-white p-1 text-sm dark:bg-neutral-950 md:flex">
  <gui-popover>
    <gui-popover-trigger classname="duration-250 inline-flex cursor-default items-center gap-1.5 rounded-lg bg-transparent px-3 py-1.5 text-sm text-neutral-800 transition-colors hover:bg-neutral-100 dark:text-neutral-300 dark:hover:bg-neutral-900">
      Item Group
      <gui-chevron-down size="12">
      </gui-chevron-down>
    </gui-popover-trigger>
    <gui-popover-content
      align="start"
      classname="flex w-[224px] flex-col gap-1 rounded-lg bg-white p-1 dark:bg-neutral-950"
    >
      <a
        href="https://example.com/child1"
        class="duration-250 inline-flex cursor-default items-center gap-x-3 text-nowrap rounded-lg bg-transparent px-3 py-1.5 text-sm text-neutral-800 transition-colors hover:bg-neutral-100 dark:text-neutral-300 dark:hover:bg-neutral-900"
      >
        gui-smile-icon
        <span>
          Child 1
        </span>
      </a>
      <a
        href="https://example.com/child1"
        class="duration-250 inline-flex cursor-default items-center gap-x-3 text-nowrap rounded-lg bg-transparent px-3 py-1.5 text-sm text-neutral-800 transition-colors hover:bg-neutral-100 dark:text-neutral-300 dark:hover:bg-neutral-900"
      >
        gui-smile-icon
        <span>
          Child 2
        </span>
      </a>
    </gui-popover-content>
  </gui-popover>
  <a
    target="_blank"
    href="https://example.com"
    class="duration-250 inline-flex cursor-default items-center gap-x-3 text-nowrap rounded-lg bg-transparent px-3 py-1.5 text-sm text-neutral-800 transition-colors hover:bg-neutral-100 dark:text-neutral-300 dark:hover:bg-neutral-900"
  >
    gui-smile-icon
    <span>
      Item
    </span>
  </a>
</div>

`;
