// Vitest Snapshot v1, https://vitest.dev/guide/snapshot.html

exports[`SelectedItem renders default 1`] = `

<div
  class="bg-background relative h-full"
  style="opacity: 1; filter: blur(0px);"
>
  <div class="bg-background-secondary h-full">
    <div
      class="h-full grid-cols-[var(--side)_var(--main)] lg:grid"
      style="--side: 1fr; --main: 3fr;"
    >
      <div class="flex h-full w-full p-[0.5px] pt-0 pl-0">
        <div class="bg-background flex h-full w-full flex-col rounded">
          <gui-overview-sidebar
            dependencies
            workspaces
            dependents
            selecteditem="[object Object]"
          >
          </gui-overview-sidebar>
        </div>
      </div>
      <div
        class="h-full grid-cols-[var(--main)_var(--side)] grid-rows-[auto_1fr] lg:grid"
        style="--side: 1fr; --main: 2fr;"
      >
        <div class="flex w-full shrink-0 p-[0.5px] pt-0">
          <div class="bg-background flex h-12 w-full items-center rounded px-6 py-3">
            <h3 class="text-sm font-medium">
              Selected
            </h3>
          </div>
        </div>
        <div class="flex w-full shrink-0 p-[0.5px] pt-0">
          <div class="bg-background flex h-12 w-full items-center justify-between rounded px-6 py-3">
            <h3 class="text-sm font-medium">
              <span class="mr-2">
                Direct Dependencies
              </span>
              <div
                class="inline-flex"
                data-id="number-flow-wrapper"
              >
                <p
                  data-id="number-flow-p"
                  class="overflow-hidden"
                >
                  <span
                    data-key="number-flow-span-0-0"
                    class="inline-block text-sm tabular-nums font-mono text-muted-foreground"
                    style="filter: blur(0px); opacity: 1; transform: none; transform-origin: 50% 0px 0;"
                  >
                    0
                  </span>
                </p>
              </div>
              <span class="text-muted-foreground font-mono text-sm tabular-nums">
                /
              </span>
              <div
                class="inline-flex"
                data-id="number-flow-wrapper"
              >
                <p
                  data-id="number-flow-p"
                  class="overflow-hidden"
                >
                  <span
                    data-key="number-flow-span-0-0"
                    class="inline-block text-sm tabular-nums font-mono text-muted-foreground"
                    style="filter: blur(0px); opacity: 1; transform: none; transform-origin: 50% 0px 0;"
                  >
                    0
                  </span>
                </p>
              </div>
            </h3>
          </div>
        </div>
        <div class="flex min-h-0 w-full min-w-0 p-[0.5px]">
          <div class="bg-background flex w-full rounded">
            <gui-selected-item
              item="[object Object]"
              classname="w-full"
            >
            </gui-selected-item>
          </div>
        </div>
        <div class="flex min-h-0 w-full p-[0.5px]">
          <div class="bg-background flex w-full min-w-0 flex-col rounded">
          </div>
        </div>
      </div>
    </div>
  </div>
</div>

`;

exports[`getDependentItems 1`] = `

[
  {
    name: 'dependent',
    type: 'prod',
    spec: @vltpkg/spec.Spec dependent@^1.0.0,
    from: {
      id: '·npm·dependent@1.0.0',
      name: 'dependent',
      version: '1.0.0',
      edgesIn: Set(0) {}
    },
    id: '·npm·dependent@1.0.0',
    title: 'dependent@^1.0.0',
    version: '1.0.0',
    stacked: false,
    size: 0,
    labels: undefined
  },
  {
    name: 'foo',
    type: 'dev',
    spec: @vltpkg/spec.Spec foo@^1.0.0,
    from: {
      id: '·npm·foo@1.0.0',
      name: 'foo',
      version: '1.0.0',
      edgesIn: Set(2) {
        {
          name: 'foo',
          type: 'dev',
          spec: @vltpkg/spec.Spec foo@^1.0.0,
          from: {
            id: 'file·.',
            name: 'root',
            version: '1.0.0',
            edgesIn: Set(0) {}
          }
        },
        {
          name: 'foo',
          type: 'dev',
          spec: @vltpkg/spec.Spec foo@^1.0.0,
          from: {
            id: 'workspace·a',
            name: 'a',
            version: '1.0.0',
            edgesIn: Set(0) {}
          }
        }
      }
    },
    id: '·npm·foo@1.0.0',
    title: 'foo@^1.0.0',
    version: '1.0.0',
    stacked: true,
    size: 2,
    labels: undefined
  },
  {
    name: 'bar',
    type: 'prod',
    spec: @vltpkg/spec.Spec bar@^1.0.0,
    from: {
      id: '·npm·bar@1.0.0',
      name: 'bar',
      version: '1.0.0',
      edgesIn: Set(0) {}
    },
    id: '·npm·bar@1.0.0',
    title: 'bar@^1.0.0',
    version: '1.0.0',
    stacked: false,
    size: 0,
    labels: undefined
  }
]

`;
