// Vitest Snapshot v1, https://vitest.dev/guide/snapshot.html

exports[`SelectedItem renders default 1`] = `

<div class="grid w-full max-w-8xl grid-cols-8 gap-4 pb-8">
  <div class="col-span-2">
  </div>
  <div class="col-span-4">
    <gui-grid-header>
      Selected
    </gui-grid-header>
    <div class="flex flex-col gap-6">
      <gui-selected-item item="[object Object]">
      </gui-selected-item>
    </div>
  </div>
  <div class="col-span-2">
  </div>
</div>

`;

exports[`SelectedItem renders with dependencies 1`] = `

<div class="grid w-full max-w-8xl grid-cols-8 gap-4 pb-8">
  <div class="col-span-2">
  </div>
  <div class="col-span-4">
    <gui-grid-header>
      Selected
    </gui-grid-header>
    <div class="flex flex-col gap-6">
      <gui-selected-item item="[object Object]">
      </gui-selected-item>
    </div>
  </div>
  <div class="col-span-2">
    <gui-dependency-sidebar
      dependencies="[object Object],[object Object]"
      uninstalleddependencies
    >
    </gui-dependency-sidebar>
  </div>
</div>

`;

exports[`SelectedItem renders with workspaces 1`] = `

<div class="grid w-full max-w-8xl grid-cols-8 gap-4 pb-8">
  <div class="col-span-2">
    <gui-grid-header>
      Workspaces
    </gui-grid-header>
    <div class="group relative">
      <div
        style="--column-gap-y: 1rem; --column-gap-x: 1rem;"
        class="pointer-events-none absolute w-[var(--column-gap-x)] h-[calc(100%+var(--column-gap-y))] -top-[calc(100%-1.25px-var(--column-gap-y)/5)] -left-[calc(var(--column-gap-x)/2)] border-l-[1px] border-b-[1px] rounded-bl-md border-muted group-[&amp;:first-of-type]:rounded-none group-[&amp;:first-of-type]:h-[1px] group-[&amp;:first-of-type]:w-[var(--column-gap-x)] group-[&amp;:first-of-type]:-left-4 group-[&amp;:first-of-type]:border-l-[0px] group-[&amp;:first-of-type]:inset-y-0 group-[&amp;:first-of-type]:my-auto group-[&amp;:nth-child(n+3)]:h-[calc(100%+(var(--column-gap-y)*2))] group-[&amp;:nth-child(n+3)]:-top-[calc(100%+var(--column-gap-y)/1.5)] group-has-[.parent]:left-[calc(100%)] group-has-[.parent]:border-l-[0px] group-has-[.parent]:w-[var(--column-gap-x)] group-has-[.parent]:h-[1px] group-has-[.parent]:top-[50%] group-has-[.parent]:rounded-none hidden"
      >
      </div>
      <span data-state="closed">
        <div
          class="block rounded-lg border bg-card text-card-foreground shadow-sm group relative z-[10] cursor-default transition-all hover:border-muted hover:bg-card-accent"
          role="article"
        >
          <div class="p-6 relative flex w-full max-w-full flex-row items-baseline gap-3 px-3 py-2">
            <button
              data-state="closed"
              class="w-full max-w-full cursor-default items-baseline justify-between overflow-hidden truncate text-left text-sm font-medium"
            >
              workspace1
            </button>
            <span class="ml-auto font-courier text-sm font-normal text-muted-foreground">
              v1.0.0
            </span>
          </div>
        </div>
      </span>
    </div>
    <div class="group relative">
      <div
        style="--column-gap-y: 1rem; --column-gap-x: 1rem;"
        class="pointer-events-none absolute w-[var(--column-gap-x)] h-[calc(100%+var(--column-gap-y))] -top-[calc(100%-1.25px-var(--column-gap-y)/5)] -left-[calc(var(--column-gap-x)/2)] border-l-[1px] border-b-[1px] rounded-bl-md border-muted group-[&amp;:first-of-type]:rounded-none group-[&amp;:first-of-type]:h-[1px] group-[&amp;:first-of-type]:w-[var(--column-gap-x)] group-[&amp;:first-of-type]:-left-4 group-[&amp;:first-of-type]:border-l-[0px] group-[&amp;:first-of-type]:inset-y-0 group-[&amp;:first-of-type]:my-auto group-[&amp;:nth-child(n+3)]:h-[calc(100%+(var(--column-gap-y)*2))] group-[&amp;:nth-child(n+3)]:-top-[calc(100%+var(--column-gap-y)/1.5)] group-has-[.parent]:left-[calc(100%)] group-has-[.parent]:border-l-[0px] group-has-[.parent]:w-[var(--column-gap-x)] group-has-[.parent]:h-[1px] group-has-[.parent]:top-[50%] group-has-[.parent]:rounded-none hidden"
      >
      </div>
      <span data-state="closed">
        <div
          class="block rounded-lg border bg-card text-card-foreground shadow-sm group relative z-[10] cursor-default transition-all hover:border-muted hover:bg-card-accent"
          role="article"
        >
          <div class="p-6 relative flex w-full max-w-full flex-row items-baseline gap-3 px-3 py-2">
            <button
              data-state="closed"
              class="w-full max-w-full cursor-default items-baseline justify-between overflow-hidden truncate text-left text-sm font-medium"
            >
              workspace2
            </button>
            <span class="ml-auto font-courier text-sm font-normal text-muted-foreground">
              v2.0.0
            </span>
          </div>
        </div>
      </span>
    </div>
  </div>
  <div class="col-span-4">
    <gui-grid-header>
      Selected
    </gui-grid-header>
    <div class="flex flex-col gap-6">
      <gui-selected-item item="[object Object]">
      </gui-selected-item>
    </div>
  </div>
  <div class="col-span-2">
  </div>
</div>

`;
