// Vitest Snapshot v1, https://vitest.dev/guide/snapshot.html

exports[`InsightTabContent renders an empty state 1`] = `

<section
  class="w-full flex h-full flex-col"
  style="opacity: 0; filter: blur(2px);"
>
  <gui-selected-item-empty-state
    icon="gui-badge-info-icon"
    title="Not scanned"
    description="This package has not been scanned for insights"
    content="[object Object]"
  >
  </gui-selected-item-empty-state>
</section>

`;

exports[`InsightTabContent renders with insights 1`] = `

<section
  class="w-full flex h-full flex-col"
  style="opacity: 0; filter: blur(2px);"
>
  <section class="mt-2 flex flex-col px-6 py-4">
    <div class="border-muted mb-4 grid cursor-default grid-cols-10 gap-2 border-b-[1px] px-2 pb-4">
      <div class="col-span-3 flex w-full items-start">
        <button class="group text-muted-foreground hover:text-foreground hover:after:bg-muted relative z-[1] inline-flex w-fit cursor-default items-center justify-center gap-2 text-sm transition-colors duration-300 after:absolute after:left-[-0.75rem] after:z-[-1] after:h-[calc(100%+0.5rem)] after:w-[calc(100%+1.5rem)] after:rounded-sm after:bg-transparent after:content-['']">
          <span>
            Insight
          </span>
          <gui-arrow-up-down-icon size="16">
          </gui-arrow-up-down-icon>
        </button>
      </div>
      <div class="col-span-2 flex w-full items-start">
        <button class="group text-muted-foreground hover:text-foreground hover:after:bg-muted relative z-[1] inline-flex w-fit cursor-default items-center justify-center gap-2 text-sm transition-colors duration-300 after:absolute after:left-[-0.75rem] after:z-[-1] after:h-[calc(100%+0.5rem)] after:w-[calc(100%+1.5rem)] after:rounded-sm after:bg-transparent after:content-['']">
          <span>
            Category
          </span>
          <gui-arrow-up-down-icon size="16">
          </gui-arrow-up-down-icon>
        </button>
      </div>
      <div class="col-span-5 flex w-full items-start">
        <p class="text-muted-foreground text-sm">
          Description
        </p>
      </div>
    </div>
    <div class="divide-muted flex flex-col divide-y-[1px]">
      <div class="hover:bg-muted grid cursor-default grid-cols-10 gap-2 rounded-sm px-2 py-4 transition-colors duration-250">
        <div class="col-span-3 flex w-full items-start">
          <gui-insight-badge
            color="medium"
            tooltipcontent="medium"
          >
            :mock-selector
          </gui-insight-badge>
        </div>
        <div class="col-span-2 flex w-full">
          <p class="text-sm">
            Supply Chain
          </p>
        </div>
        <div class="col-span-5 flex">
          <p class="text-sm text-pretty">
            Packages that are missing an author field
          </p>
        </div>
      </div>
    </div>
  </section>
  <gui-selected-item-empty-state
    icon="gui-badge-check-icon"
    title="No insights"
    description="This package has no insights available"
  >
  </gui-selected-item-empty-state>
</section>

`;

exports[`InsightTabContent renders with no insights but a package score 1`] = `

<section
  class="w-full flex h-full flex-col"
  style="opacity: 0; filter: blur(2px);"
>
  <section class="border-muted mt-3 border-b-[1px] pb-6">
    <div class="grid grid-cols-5 gap-2 px-6">
      <div class="flex flex-col items-center justify-center">
        <gui-chart-container
          config="[object Object]"
          classname="mx-auto aspect-square h-[100px]"
        >
          <gui-recharts-radial-bar-chart
            data="[object Object]"
            startangle="0"
            endangle="-32400"
            innerradius="30"
            outerradius="40"
          >
            <gui-recharts-polar-grid
              gridtype="circle"
              radiallines="false"
              stroke="none"
              polarradius="32,28"
              classname="first:fill-muted last:fill-background"
            >
            </gui-recharts-polar-grid>
            <gui-recharts-radial-bar
              datakey="score"
              background="[object Object]"
              cornerradius="10"
            >
            </gui-recharts-radial-bar>
            <gui-recharts-polar-radius-axis
              tick="false"
              tickline="false"
              axisline="false"
            >
              <gui-recharts-label>
              </gui-recharts-label>
            </gui-recharts-polar-radius-axis>
          </gui-recharts-radial-bar-chart>
        </gui-chart-container>
        <p class="cursor-default text-sm font-medium whitespace-nowrap capitalize">
          quality
        </p>
      </div>
      <div class="flex flex-col items-center justify-center">
        <gui-chart-container
          config="[object Object]"
          classname="mx-auto aspect-square h-[100px]"
        >
          <gui-recharts-radial-bar-chart
            data="[object Object]"
            startangle="0"
            endangle="-1440"
            innerradius="30"
            outerradius="40"
          >
            <gui-recharts-polar-grid
              gridtype="circle"
              radiallines="false"
              stroke="none"
              polarradius="32,28"
              classname="first:fill-muted last:fill-background"
            >
            </gui-recharts-polar-grid>
            <gui-recharts-radial-bar
              datakey="score"
              background="[object Object]"
              cornerradius="10"
            >
            </gui-recharts-radial-bar>
            <gui-recharts-polar-radius-axis
              tick="false"
              tickline="false"
              axisline="false"
            >
              <gui-recharts-label>
              </gui-recharts-label>
            </gui-recharts-polar-radius-axis>
          </gui-recharts-radial-bar-chart>
        </gui-chart-container>
        <p class="cursor-default text-sm font-medium whitespace-nowrap capitalize">
          supply chain
        </p>
      </div>
      <div class="flex flex-col items-center justify-center">
        <gui-chart-container
          config="[object Object]"
          classname="mx-auto aspect-square h-[100px]"
        >
          <gui-recharts-radial-bar-chart
            data="[object Object]"
            startangle="0"
            endangle="-30600"
            innerradius="30"
            outerradius="40"
          >
            <gui-recharts-polar-grid
              gridtype="circle"
              radiallines="false"
              stroke="none"
              polarradius="32,28"
              classname="first:fill-muted last:fill-background"
            >
            </gui-recharts-polar-grid>
            <gui-recharts-radial-bar
              datakey="score"
              background="[object Object]"
              cornerradius="10"
            >
            </gui-recharts-radial-bar>
            <gui-recharts-polar-radius-axis
              tick="false"
              tickline="false"
              axisline="false"
            >
              <gui-recharts-label>
              </gui-recharts-label>
            </gui-recharts-polar-radius-axis>
          </gui-recharts-radial-bar-chart>
        </gui-chart-container>
        <p class="cursor-default text-sm font-medium whitespace-nowrap capitalize">
          maintenance
        </p>
      </div>
      <div class="flex flex-col items-center justify-center">
        <gui-chart-container
          config="[object Object]"
          classname="mx-auto aspect-square h-[100px]"
        >
          <gui-recharts-radial-bar-chart
            data="[object Object]"
            startangle="0"
            endangle="-720"
            innerradius="30"
            outerradius="40"
          >
            <gui-recharts-polar-grid
              gridtype="circle"
              radiallines="false"
              stroke="none"
              polarradius="32,28"
              classname="first:fill-muted last:fill-background"
            >
            </gui-recharts-polar-grid>
            <gui-recharts-radial-bar
              datakey="score"
              background="[object Object]"
              cornerradius="10"
            >
            </gui-recharts-radial-bar>
            <gui-recharts-polar-radius-axis
              tick="false"
              tickline="false"
              axisline="false"
            >
              <gui-recharts-label>
              </gui-recharts-label>
            </gui-recharts-polar-radius-axis>
          </gui-recharts-radial-bar-chart>
        </gui-chart-container>
        <p class="cursor-default text-sm font-medium whitespace-nowrap capitalize">
          vulnerability
        </p>
      </div>
      <div class="flex flex-col items-center justify-center">
        <gui-chart-container
          config="[object Object]"
          classname="mx-auto aspect-square h-[100px]"
        >
          <gui-recharts-radial-bar-chart
            data="[object Object]"
            startangle="0"
            endangle="-36000"
            innerradius="30"
            outerradius="40"
          >
            <gui-recharts-polar-grid
              gridtype="circle"
              radiallines="false"
              stroke="none"
              polarradius="32,28"
              classname="first:fill-muted last:fill-background"
            >
            </gui-recharts-polar-grid>
            <gui-recharts-radial-bar
              datakey="score"
              background="[object Object]"
              cornerradius="10"
            >
            </gui-recharts-radial-bar>
            <gui-recharts-polar-radius-axis
              tick="false"
              tickline="false"
              axisline="false"
            >
              <gui-recharts-label>
              </gui-recharts-label>
            </gui-recharts-polar-radius-axis>
          </gui-recharts-radial-bar-chart>
        </gui-chart-container>
        <p class="cursor-default text-sm font-medium whitespace-nowrap capitalize">
          license
        </p>
      </div>
    </div>
    <div class="px-6 pt-6">
      <p class="text-muted-foreground w-2/3 cursor-default text-sm">
        Package Insight Scores are powered by
        <gui-link
          href="https://socket.dev/npm/package/item"
          target="_blank"
        >
          Socket
        </gui-link>
        , providing reliable and up-to-date security intelligence.
      </p>
    </div>
  </section>
  <gui-selected-item-empty-state
    icon="gui-badge-check-icon"
    title="No insights"
    description="This package has no insights available"
  >
  </gui-selected-item-empty-state>
</section>

`;
