// Vitest Snapshot v1, https://vitest.dev/guide/snapshot.html

exports[`InsightTabButton renders default 1`] = `

<gui-tabs-trigger
  variant="ghost"
  value="insights"
  classname="w-fit px-2"
>
  Insights
</gui-tabs-trigger>

`;

exports[`InsightTabContent renders an empty state 1`] = `

<gui-tabs-content value="insights">
  <div class="flex h-64 w-full cursor-default items-center justify-center px-6 py-4">
    <div class="flex flex-col items-center justify-center gap-3 text-center">
      <div class="relative flex size-32 items-center justify-center rounded-full bg-secondary/60">
        <gui-badge-info-icon
          classname="absolute z-[3] size-14 text-neutral-500"
          strokewidth="1.25"
        >
        </gui-badge-info-icon>
      </div>
      <p class="w-2/3 text-pretty text-sm text-muted-foreground">
        This package has not been scanned for insights.
      </p>
    </div>
  </div>
  <div class="w-full px-6 py-4">
    <gui-link
      to="/help/selectors"
      classname="group relative z-[1] inline-flex w-fit cursor-default items-center justify-center text-sm text-muted-foreground transition-all duration-300 after:absolute after:left-[-0.75rem] after:z-[-1] after:h-[calc(100%+0.5rem)] after:w-[calc(100%+1.5rem)] after:rounded-sm after:bg-transparent after:content-[''] hover:text-foreground hover:after:bg-muted"
    >
      See all Selectors &amp; Insights
    </gui-link>
  </div>
</gui-tabs-content>

`;

exports[`InsightTabContent renders with insights 1`] = `

<gui-tabs-content value="insights">
  <section class="mt-2 flex flex-col px-6 py-4">
    <div class="mb-4 grid cursor-default grid-cols-10 gap-2 border-b-[1px] border-muted px-2 pb-4">
      <div class="col-span-3 flex w-full items-start">
        <button class="group relative z-[1] inline-flex w-fit cursor-default items-center justify-center gap-2 text-sm text-muted-foreground transition-all duration-300 after:absolute after:left-[-0.75rem] after:z-[-1] after:h-[calc(100%+0.5rem)] after:w-[calc(100%+1.5rem)] after:rounded-sm after:bg-transparent after:content-[''] hover:text-foreground hover:after:bg-muted">
          <span>
            Insight
          </span>
          <gui-arrow-up-down-icon size="16">
          </gui-arrow-up-down-icon>
        </button>
      </div>
      <div class="col-span-2 flex w-full items-start">
        <button class="group relative z-[1] inline-flex w-fit cursor-default items-center justify-center gap-2 text-sm text-muted-foreground transition-all duration-300 after:absolute after:left-[-0.75rem] after:z-[-1] after:h-[calc(100%+0.5rem)] after:w-[calc(100%+1.5rem)] after:rounded-sm after:bg-transparent after:content-[''] hover:text-foreground hover:after:bg-muted">
          <span>
            Category
          </span>
          <gui-arrow-up-down-icon size="16">
          </gui-arrow-up-down-icon>
        </button>
      </div>
      <div class="col-span-5 flex w-full items-start">
        <p class="text-sm text-muted-foreground">
          Description
        </p>
      </div>
    </div>
    <div class="flex flex-col divide-y-[1px] divide-muted">
      <div class="duration-250 grid cursor-default grid-cols-10 gap-2 rounded-sm px-2 py-4 transition-all hover:bg-muted">
        <div class="col-span-3 flex w-full items-start">
          <gui-insight-badge
            color="yellow"
            tooltipcontent="medium"
          >
            :mock-selector
          </gui-insight-badge>
        </div>
        <div class="col-span-2 flex w-full">
          <p class="text-sm">
            Supply Chain
          </p>
        </div>
        <div class="col-span-5 flex">
          <p class="text-pretty text-sm">
            Packages that are missing an author field
          </p>
        </div>
      </div>
    </div>
  </section>
  <div class="w-full px-6 py-4">
    <gui-link
      to="/help/selectors"
      classname="group relative z-[1] inline-flex w-fit cursor-default items-center justify-center text-sm text-muted-foreground transition-all duration-300 after:absolute after:left-[-0.75rem] after:z-[-1] after:h-[calc(100%+0.5rem)] after:w-[calc(100%+1.5rem)] after:rounded-sm after:bg-transparent after:content-[''] hover:text-foreground hover:after:bg-muted"
    >
      See all Selectors &amp; Insights
    </gui-link>
  </div>
</gui-tabs-content>

`;

exports[`InsightTabContent renders with no insights but a package score 1`] = `

<gui-tabs-content value="insights">
  <section class="mt-3 border-b-[1px] border-muted pb-6">
    <div class="grid grid-cols-5 gap-2 px-6">
      <div class="flex flex-col items-center justify-center">
        <gui-chart-container
          config="[object Object]"
          classname="mx-auto aspect-square h-[100px]"
        >
          <gui-recharts-radial-bar-chart
            data="[object Object]"
            startangle="0"
            endangle="-32400"
            innerradius="30"
            outerradius="40"
          >
            <gui-recharts-polar-grid
              gridtype="circle"
              radiallines="false"
              stroke="none"
              polarradius="32,28"
              classname="first:fill-muted last:fill-background"
            >
            </gui-recharts-polar-grid>
            <gui-recharts-radial-bar
              datakey="score"
              background="[object Object]"
              cornerradius="10"
            >
            </gui-recharts-radial-bar>
            <gui-recharts-polar-radius-axis
              tick="false"
              tickline="false"
              axisline="false"
            >
              <gui-recharts-label>
              </gui-recharts-label>
            </gui-recharts-polar-radius-axis>
          </gui-recharts-radial-bar-chart>
        </gui-chart-container>
        <p class="cursor-default whitespace-nowrap text-sm font-medium capitalize">
          quality
        </p>
      </div>
      <div class="flex flex-col items-center justify-center">
        <gui-chart-container
          config="[object Object]"
          classname="mx-auto aspect-square h-[100px]"
        >
          <gui-recharts-radial-bar-chart
            data="[object Object]"
            startangle="0"
            endangle="-1440"
            innerradius="30"
            outerradius="40"
          >
            <gui-recharts-polar-grid
              gridtype="circle"
              radiallines="false"
              stroke="none"
              polarradius="32,28"
              classname="first:fill-muted last:fill-background"
            >
            </gui-recharts-polar-grid>
            <gui-recharts-radial-bar
              datakey="score"
              background="[object Object]"
              cornerradius="10"
            >
            </gui-recharts-radial-bar>
            <gui-recharts-polar-radius-axis
              tick="false"
              tickline="false"
              axisline="false"
            >
              <gui-recharts-label>
              </gui-recharts-label>
            </gui-recharts-polar-radius-axis>
          </gui-recharts-radial-bar-chart>
        </gui-chart-container>
        <p class="cursor-default whitespace-nowrap text-sm font-medium capitalize">
          supply chain
        </p>
      </div>
      <div class="flex flex-col items-center justify-center">
        <gui-chart-container
          config="[object Object]"
          classname="mx-auto aspect-square h-[100px]"
        >
          <gui-recharts-radial-bar-chart
            data="[object Object]"
            startangle="0"
            endangle="-30600"
            innerradius="30"
            outerradius="40"
          >
            <gui-recharts-polar-grid
              gridtype="circle"
              radiallines="false"
              stroke="none"
              polarradius="32,28"
              classname="first:fill-muted last:fill-background"
            >
            </gui-recharts-polar-grid>
            <gui-recharts-radial-bar
              datakey="score"
              background="[object Object]"
              cornerradius="10"
            >
            </gui-recharts-radial-bar>
            <gui-recharts-polar-radius-axis
              tick="false"
              tickline="false"
              axisline="false"
            >
              <gui-recharts-label>
              </gui-recharts-label>
            </gui-recharts-polar-radius-axis>
          </gui-recharts-radial-bar-chart>
        </gui-chart-container>
        <p class="cursor-default whitespace-nowrap text-sm font-medium capitalize">
          maintenance
        </p>
      </div>
      <div class="flex flex-col items-center justify-center">
        <gui-chart-container
          config="[object Object]"
          classname="mx-auto aspect-square h-[100px]"
        >
          <gui-recharts-radial-bar-chart
            data="[object Object]"
            startangle="0"
            endangle="-720"
            innerradius="30"
            outerradius="40"
          >
            <gui-recharts-polar-grid
              gridtype="circle"
              radiallines="false"
              stroke="none"
              polarradius="32,28"
              classname="first:fill-muted last:fill-background"
            >
            </gui-recharts-polar-grid>
            <gui-recharts-radial-bar
              datakey="score"
              background="[object Object]"
              cornerradius="10"
            >
            </gui-recharts-radial-bar>
            <gui-recharts-polar-radius-axis
              tick="false"
              tickline="false"
              axisline="false"
            >
              <gui-recharts-label>
              </gui-recharts-label>
            </gui-recharts-polar-radius-axis>
          </gui-recharts-radial-bar-chart>
        </gui-chart-container>
        <p class="cursor-default whitespace-nowrap text-sm font-medium capitalize">
          vulnerability
        </p>
      </div>
      <div class="flex flex-col items-center justify-center">
        <gui-chart-container
          config="[object Object]"
          classname="mx-auto aspect-square h-[100px]"
        >
          <gui-recharts-radial-bar-chart
            data="[object Object]"
            startangle="0"
            endangle="-36000"
            innerradius="30"
            outerradius="40"
          >
            <gui-recharts-polar-grid
              gridtype="circle"
              radiallines="false"
              stroke="none"
              polarradius="32,28"
              classname="first:fill-muted last:fill-background"
            >
            </gui-recharts-polar-grid>
            <gui-recharts-radial-bar
              datakey="score"
              background="[object Object]"
              cornerradius="10"
            >
            </gui-recharts-radial-bar>
            <gui-recharts-polar-radius-axis
              tick="false"
              tickline="false"
              axisline="false"
            >
              <gui-recharts-label>
              </gui-recharts-label>
            </gui-recharts-polar-radius-axis>
          </gui-recharts-radial-bar-chart>
        </gui-chart-container>
        <p class="cursor-default whitespace-nowrap text-sm font-medium capitalize">
          license
        </p>
      </div>
    </div>
    <div class="px-6 pt-6">
      <p class="w-2/3 cursor-default text-sm text-muted-foreground">
        Package Insight Scores are powered by
        <gui-link
          href="https://socket.dev/npm/package/item"
          target="_blank"
        >
          Socket
        </gui-link>
        , providing reliable and up-to-date security intelligence.
      </p>
    </div>
  </section>
  <div class="flex h-64 w-full cursor-default items-center justify-center px-6 py-4">
    <div class="flex flex-col items-center justify-center gap-3 text-center">
      <div class="relative flex size-32 items-center justify-center rounded-full bg-emerald-500/20">
        <gui-badge-check-icon
          classname="absolute z-[3] size-14 text-emerald-500"
          strokewidth="1.25"
        >
        </gui-badge-check-icon>
      </div>
      <p class="w-2/3 text-pretty text-sm text-muted-foreground">
        This package has no insights available.
      </p>
    </div>
  </div>
  <div class="w-full px-6 py-4">
    <gui-link
      to="/help/selectors"
      classname="group relative z-[1] inline-flex w-fit cursor-default items-center justify-center text-sm text-muted-foreground transition-all duration-300 after:absolute after:left-[-0.75rem] after:z-[-1] after:h-[calc(100%+0.5rem)] after:w-[calc(100%+1.5rem)] after:rounded-sm after:bg-transparent after:content-[''] hover:text-foreground hover:after:bg-muted"
    >
      See all Selectors &amp; Insights
    </gui-link>
  </div>
</gui-tabs-content>

`;
