// Vitest Snapshot v1, https://vitest.dev/guide/snapshot.html

exports[`help selectors view > help selectors render default 1`] = `

<section class="flex h-full w-full flex-col rounded-b-lg border-x-[1px] border-b-[1px]">
  <div class="flex h-full max-h-[calc(100svh-65px-2px-16px)] w-full max-w-8xl flex-col">
    <gui-react-markdown
      classname="prose-sm prose-neutral mt-8 w-full max-w-none px-8 md:w-2/3"
      components="[object Object]"
    >
      ### Selectors

Selectors provide a powerful way to analyze your project’s dependencies using our custom query language.  

For more information about our Selectors, see the [Selectors documentation](https://docs.vlt.sh/cli/selectors)
    </gui-react-markdown>
    <div class="flex h-full w-full flex-col gap-8 overflow-y-scroll px-8 mt-8">
      <div class="flex gap-2">
        <gui-input
          placeholder="Filter Selectors"
          value
        >
        </gui-input>
        <gui-table-view-dropdown columnvisibility="[object Object]">
        </gui-table-view-dropdown>
      </div>
      <gui-data-table
        data="[object Object],[object Object],[object Object],[object Object],[object Object],[object Object],[object Object],[object Object],[object Object],[object Object],[object Object],[object Object],[object Object],[object Object],[object Object],[object Object],[object Object],[object Object],[object Object],[object Object],[object Object],[object Object],[object Object],[object Object],[object Object],[object Object],[object Object],[object Object],[object Object],[object Object],[object Object],[object Object],[object Object],[object Object],[object Object],[object Object],[object Object],[object Object],[object Object]"
        filtervalue
        columns="[object Object],[object Object],[object Object],[object Object]"
        columnvisibility="[object Object]"
      >
      </gui-data-table>
    </div>
  </div>
</section>

`;
