// Vitest Snapshot v1, https://vitest.dev/guide/snapshot.html

exports[`help selectors view > help selectors render default 1`] = `

<section class="flex h-full w-full flex-col">
  <div class="flex max-w-8xl flex-col pt-8">
    <div class="prose-sm prose-neutral w-full max-w-none px-8 md:w-2/3">
      <gui-react-markdown components="[object Object]">
        Selectors provide a powerful way to analyze your project’s dependencies using our custom query language.  
For more information, see the [Selectors documentation](https://docs.vlt.sh/cli/selectors)
      </gui-react-markdown>
    </div>
    <div class="flex flex-col gap-8 px-8 py-8">
      <div class="flex gap-2">
        <gui-input
          placeholder="Filter Selectors"
          value
        >
        </gui-input>
        <gui-table-view-dropdown columnvisibility="[object Object]">
        </gui-table-view-dropdown>
      </div>
      <gui-data-table
        data="[object Object],[object Object],[object Object],[object Object],[object Object],[object Object],[object Object],[object Object],[object Object],[object Object],[object Object],[object Object],[object Object],[object Object],[object Object],[object Object],[object Object],[object Object],[object Object],[object Object],[object Object],[object Object],[object Object],[object Object],[object Object],[object Object],[object Object],[object Object],[object Object],[object Object],[object Object],[object Object],[object Object],[object Object],[object Object],[object Object],[object Object],[object Object],[object Object],[object Object],[object Object],[object Object],[object Object],[object Object],[object Object],[object Object],[object Object],[object Object],[object Object],[object Object],[object Object],[object Object]"
        filtervalue
        columns="[object Object],[object Object],[object Object]"
        columnvisibility="[object Object]"
      >
      </gui-data-table>
    </div>
  </div>
</section>

`;
