// Vitest Snapshot v1, https://vitest.dev/guide/snapshot.html

exports[`renders Layout with an outlet 1`] = `

<div class="flex flex-col">
  <gui-nav-header classname="fixed top-0 bg-transparent">
  </gui-nav-header>
  <gui-router-outlet>
  </gui-router-outlet>
  <gui-minimal-footer>
  </gui-minimal-footer>
  <gui-toaster>
  </gui-toaster>
</div>

`;
