// Vitest Snapshot v1, https://vitest.dev/guide/snapshot.html

exports[`render default 1`] = `

<div>
  <section class="flex h-full w-full flex-col rounded-lg border-[1px]">
    <div class="h-1/5 rounded-t-lg border-b-[1px] border-border">
      <div class="mx-auto flex h-full max-w-8xl flex-col justify-end gap-2 px-16 py-8">
        <h4 class="text-2xl font-medium">
          Create a new Project
        </h4>
        <p class="text-pretty text-sm text-muted-foreground">
          A Project is a scaffolded through the
          <gui-inline-code>
            vlt init
          </gui-inline-code>
          command, and creates a folder that contains a
          <gui-inline-code>
            package.json
          </gui-inline-code>
          file.
        </p>
      </div>
    </div>
    <div class="relative mx-auto flex h-full w-full max-w-8xl items-center justify-center px-16 py-8">
      <div class="absolute inset-0 z-[1] bg-[linear-gradient(to_right,#80808012_1px,transparent_1px),linear-gradient(to_bottom,#80808012_1px,transparent_1px)] bg-[size:32px_32px] [mask-image:radial-gradient(ellipse_50%_50%_at_50%_50%,#fff_70%,transparent_100%)] dark:[mask-image:radial-gradient(ellipse_50%_50%_at_50%_50%,#000_60%,transparent_100%)]">
      </div>
      <gui-create-new-project-content inprogress="false">
      </gui-create-new-project-content>
    </div>
  </section>
</div>

`;
