// Vitest Snapshot v1, https://vitest.dev/guide/snapshot.html

exports[`render default 1`] = `

<div>
  <section class="flex grow w-full flex-col min-h-[80svh]">
    <div>
      <section class="flex items-center px-8 py-4 border-b-[1px] border-t-[1px] border-solid">
        <div class="flex flex-col gap-2 w-full">
        </div>
        <div class="flex flex-col gap-2 w-full flex-end">
        </div>
      </section>
    </div>
    <gui-dashboard-grid>
    </gui-dashboard-grid>
  </section>
</div>

`;
