// Vitest Snapshot v1, https://vitest.dev/guide/snapshot.html

exports[`render default 1`] = `

<div>
  <section class="flex h-full max-h-[calc(100svh-65px-16px)] w-full grow flex-col rounded-b-lg border-x-[1px] border-b-[1px]">
    <gui-dashboard-grid>
    </gui-dashboard-grid>
  </section>
</div>

`;
