// Vitest Snapshot v1, https://vitest.dev/guide/snapshot.html

exports[`explorer has project root info 1`] = `

<div>
  <div
    class="h-full"
    style="opacity: 0; filter: blur(4px);"
  >
    <gui-explorer-grid isloading="false">
    </gui-explorer-grid>
  </div>
  <div
    class="absolute inset-0 z-100 flex h-full w-full justify-center"
    style="opacity: 0; filter: blur(4px);"
  >
    <div class="relative flex h-full w-full items-center justify-center">
      <gui-jelly-triangle-spinner classname="text-primary">
      </gui-jelly-triangle-spinner>
    </div>
  </div>
</div>

`;

exports[`explorer not vlt installed 1`] = `

<div>
  <gui-setup-project>
  </gui-setup-project>
</div>

`;

exports[`render default 1`] = `

<div>
  <div
    class="h-full"
    style="opacity: 0; filter: blur(4px);"
  >
    <gui-explorer-grid isloading="false">
    </gui-explorer-grid>
  </div>
  <div
    class="absolute inset-0 z-100 flex h-full w-full justify-center"
    style="opacity: 0; filter: blur(4px);"
  >
    <div class="relative flex h-full w-full items-center justify-center">
      <gui-jelly-triangle-spinner classname="text-primary">
      </gui-jelly-triangle-spinner>
    </div>
  </div>
</div>

`;

exports[`render no results if search throws 1`] = `

<div>
  <div
    class="h-full"
    style="opacity: 0; filter: blur(4px);"
  >
    <gui-explorer-grid isloading="false">
    </gui-explorer-grid>
  </div>
  <div
    class="absolute inset-0 z-100 flex h-full w-full justify-center"
    style="opacity: 0; filter: blur(4px);"
  >
    <div class="relative flex h-full w-full items-center justify-center">
      <gui-jelly-triangle-spinner classname="text-primary">
      </gui-jelly-triangle-spinner>
    </div>
  </div>
</div>

`;
