// Vitest Snapshot v1, https://vitest.dev/guide/snapshot.html

exports[`DependenciesTabContent renders an empty state 1`] = `

<section
  class="h-full w-full bg-background-secondary flex flex-col gap-px rounded"
  style="opacity: 0; filter: blur(2px);"
>
  <gui-navigation classname="bg-background rounded">
    <gui-navigation-list>
      <gui-navigation-list-item>
        <gui-navigation-button
          navigationlayer="secondary"
          tab="insights"
        >
          Insights
        </gui-navigation-button>
      </gui-navigation-list-item>
      <gui-navigation-list-item>
        <gui-navigation-button
          navigationlayer="secondary"
          tab="licenses"
        >
          Licenses
        </gui-navigation-button>
      </gui-navigation-list-item>
      <gui-navigation-list-item>
        <gui-navigation-button
          navigationlayer="secondary"
          tab="duplicates"
        >
          Duplicates
        </gui-navigation-button>
      </gui-navigation-list-item>
      <gui-navigation-list-item>
        <gui-navigation-button
          navigationlayer="secondary"
          tab="funding"
        >
          Funding
        </gui-navigation-button>
      </gui-navigation-list-item>
    </gui-navigation-list>
  </gui-navigation>
  <div class="flex h-full w-full p-0">
    <div class="bg-background flex h-full w-full rounded">
      <gui-router-outlet>
      </gui-router-outlet>
    </div>
  </div>
</section>

`;

exports[`DependenciesTabContent renders default 1`] = `

<section
  class="h-full w-full bg-background-secondary flex flex-col gap-px rounded"
  style="opacity: 0; filter: blur(2px);"
>
  <gui-navigation classname="bg-background rounded">
    <gui-navigation-list>
      <gui-navigation-list-item>
        <gui-navigation-button
          navigationlayer="secondary"
          tab="insights"
        >
          Insights
        </gui-navigation-button>
      </gui-navigation-list-item>
      <gui-navigation-list-item>
        <gui-navigation-button
          navigationlayer="secondary"
          tab="licenses"
        >
          Licenses
        </gui-navigation-button>
      </gui-navigation-list-item>
      <gui-navigation-list-item>
        <gui-navigation-button
          navigationlayer="secondary"
          tab="duplicates"
        >
          Duplicates
        </gui-navigation-button>
      </gui-navigation-list-item>
      <gui-navigation-list-item>
        <gui-navigation-button
          navigationlayer="secondary"
          tab="funding"
        >
          Funding
        </gui-navigation-button>
      </gui-navigation-list-item>
    </gui-navigation-list>
  </gui-navigation>
  <div class="flex h-full w-full p-0">
    <div class="bg-background flex h-full w-full rounded">
      <gui-router-outlet>
      </gui-router-outlet>
    </div>
  </div>
</section>

`;
