// Vitest Snapshot v1, https://vitest.dev/guide/snapshot.html

exports[`EmptyState renders default 1`] = `

<div class="flex h-64 w-full items-center justify-center px-6 py-4">
  <div class="flex flex-col items-center justify-center gap-3 text-center">
    <div class="relative flex size-32 items-center justify-center rounded-full bg-secondary/60">
      <gui-file-code2-icon
        classname="absolute z-[1] size-14 text-neutral-500"
        strokewidth="1"
      >
      </gui-file-code2-icon>
    </div>
    <p class="w-2/3 text-pretty text-sm text-muted-foreground">
      The code for this project could not be loaded.
    </p>
  </div>
</div>

`;
