// Vitest Snapshot v1, https://vitest.dev/guide/snapshot.html

exports[`label > should render correctly 1`] = `

<div class="group bg-card hover:bg-card-accent rounded-xl border-[1px] transition-opacity border-muted">
  <div class="flex grid grid-cols-8 items-center px-3 py-2">
    <div class="col-span-2 flex items-center gap-3">
      <gui-checkbox
        checked="false"
        classname="border-muted-foreground/25 group-hover:border-muted-foreground/50 group-hover:opacity-100 opacity-0"
      >
      </gui-checkbox>
      <gui-label-badge
        name="mock-label-1"
        color="#06b6d4"
      >
      </gui-label-badge>
    </div>
    <div class="col-span-4 flex items-center">
      <p class="truncate text-sm">
        mock label 1
      </p>
    </div>
    <div class="flex items-center justify-center">
      <gui-button
        variant="ghost"
        classname="flex items-center justify-center gap-1 rounded-lg"
      >
        <span>
          0
        </span>
        <gui-arrow-up-right-icon>
        </gui-arrow-up-right-icon>
      </gui-button>
    </div>
    <div class="flex items-center justify-end">
      <gui-button
        variant="outline"
        classname="border-muted-foreground/25 h-[2rem] rounded-lg border border-[1px] px-3 text-sm"
      >
        Edit
      </gui-button>
    </div>
  </div>
</div>

`;
