// Vitest Snapshot v1, https://vitest.dev/guide/snapshot.html

exports[`labels-empty-state > should render correctly 1`] = `

<div class="flex h-full w-full items-center justify-center bg-white dark:bg-black">
  <div
    class="-mt-20 flex flex-col items-center justify-center gap-3"
    style="opacity: 1;"
  >
    <div class="relative mb-20 flex items-center justify-center">
      <div
        class="absolute h-[450px] w-[450px] rounded-full border-[1px] border-neutral-500/10"
        style="opacity: 1;"
      >
      </div>
      <div
        class="absolute h-[300px] w-[300px] rounded-full border-[1px] border-neutral-500/15"
        style="opacity: 1;"
      >
      </div>
      <div
        class="absolute h-[150px] w-[150px] rounded-full border-[1px] border-neutral-500/20"
        style="opacity: 1;"
      >
      </div>
      <div class="relative flex h-[42px] w-[400px] items-center justify-center rounded-[8px] bg-gradient-to-r from-white to-muted-foreground dark:from-black dark:to-muted-foreground">
        <div class="flex h-[40px] w-[398px] items-center justify-center rounded-[7px] bg-white dark:bg-black">
          <span class="tracking absolute my-auto mr-32 bg-gradient-to-r from-white to-neutral-500 bg-clip-text text-sm text-transparent dark:from-black dark:to-neutral-500">
            Need to update insecure packages
          </span>
          <div
            class="absolute right-3 my-auto flex h-[24px] w-[80px] items-center justify-center rounded-full bg-red-500"
            style="opacity: 0.5;"
          >
            <span class="text-xs font-semibold tracking-wide">
              Insecure
            </span>
          </div>
        </div>
      </div>
    </div>
    <h3 class="z-[2] text-xl font-medium">
      No saved Labels yet
    </h3>
    <p class="z-[2] text-center text-sm text-neutral-500">
      Looks like you haven't made any Labels yet,
      <br>
      Labels are a great way to mark your dependencies.
    </p>
    <div class="flex gap-3">
    </div>
    <gui-button>
      <span>
        New Label
      </span>
      <gui-plus-icon>
      </gui-plus-icon>
    </gui-button>
  </div>
</div>

`;
