// Vitest Snapshot v1, https://vitest.dev/guide/snapshot.html

exports[`root-button > should render correctly 1`] = `

<gui-tooltip-provider>
  <gui-tooltip>
    <gui-tooltip-trigger aschild="true">
      <gui-button
        disabled="true"
        size="icon"
        classname="border-muted bg-card text-muted-foreground hover:bg-card/50 dark:bg-card dark:hover:bg-card/50 rounded-sm border-[1px]"
      >
        <gui-house-icon>
        </gui-house-icon>
      </gui-button>
    </gui-tooltip-trigger>
    <gui-tooltip-portal>
      <gui-tooltip-content>
        Go to project root
      </gui-tooltip-content>
    </gui-tooltip-portal>
  </gui-tooltip>
</gui-tooltip-provider>

`;
