// Vitest Snapshot v1, https://vitest.dev/guide/snapshot.html

exports[`sorting-toggle > should render correctly 1`] = `

<div class="mx-3 flex">
  <div class="relative flex h-[2.5rem] w-full items-center rounded-sm border border-[1px] border-muted-foreground/25 bg-white p-1 dark:bg-black">
    <div class="absolute h-[2rem] w-[2rem] rounded-sm border border-muted-foreground/20 bg-muted">
    </div>
    <gui-tooltip-provider>
      <gui-tooltip>
        <gui-tooltip-trigger aschild="true">
          <div class="z-[1] flex h-[2rem] w-[2rem] cursor-pointer items-center justify-center rounded-sm">
            <gui-arrow-down-az-icon
              size="20"
              classname="text-muted-foreground"
            >
            </gui-arrow-down-az-icon>
          </div>
        </gui-tooltip-trigger>
        <gui-tooltip-content>
          Sort ascending
        </gui-tooltip-content>
      </gui-tooltip>
    </gui-tooltip-provider>
    <gui-tooltip-provider>
      <gui-tooltip>
        <gui-tooltip-trigger aschild="true">
          <div class="z-[1] flex h-[2rem] w-[2rem] cursor-pointer items-center justify-center rounded-sm">
            <gui-arrow-down-za-icon
              size="20"
              classname="text-muted-foreground"
            >
            </gui-arrow-down-za-icon>
          </div>
        </gui-tooltip-trigger>
        <gui-tooltip-content>
          Sort descending
        </gui-tooltip-content>
      </gui-tooltip>
    </gui-tooltip-provider>
  </div>
</div>

`;
