// Vitest Snapshot v1, https://vitest.dev/guide/snapshot.html

exports[`toggle > should render correctly 1`] = `

<div class="flex w-fit">
  <div class="border-muted dark:bg-muted-foreground/5 relative flex h-[2.5rem] w-full items-center rounded-md border-[1px] bg-white p-1">
    <div class="bg-muted absolute h-[2rem] w-[2rem] rounded-[4px]">
    </div>
    <div
      class="z-[1] flex h-[2rem] w-[2rem] cursor-default items-center justify-center rounded-sm"
      title="mock-option-smile"
    >
      <gui-smile-icon
        size="20"
        classname="text-muted-foreground"
      >
      </gui-smile-icon>
    </div>
    <div
      class="z-[1] flex h-[2rem] w-[2rem] cursor-default items-center justify-center rounded-sm"
      title="mock-option-frown"
    >
      <gui-frown-icon
        size="20"
        classname="text-muted-foreground"
      >
      </gui-frown-icon>
    </div>
  </div>
</div>

`;
