// Vitest Snapshot v1, https://vitest.dev/guide/snapshot.html

exports[`labels view > labels render default 1`] = `

<div class="group flex flex-col rounded-sm border border-[1px] bg-neutral-50 transition-all hover:border-foreground/50 dark:bg-neutral-950 border-muted-foreground/25">
  <div class="grid grid-cols-12 gap-4 px-3 py-2">
    <div class="col-span-2 flex grow items-center gap-3">
      <gui-checkbox
        checked="false"
        classname="border-muted-foreground/25 group-hover:border-muted-foreground/50"
      >
      </gui-checkbox>
      <p class="truncate text-sm font-medium">
        mock-saved-query
      </p>
    </div>
    <div class="col-span-4 flex items-center">
      <p class="w-[500px] truncate text-sm">
        mock-query
      </p>
    </div>
    <div class="col-span-2 flex w-full items-center gap-2">
      <gui-tooltip-provider>
        <gui-tooltip>
          <gui-tooltip-trigger classname="w-full truncate text-left text-sm">
            /mock/context/query
          </gui-tooltip-trigger>
          <gui-tooltip-content>
            /mock/context/query
          </gui-tooltip-content>
        </gui-tooltip>
      </gui-tooltip-provider>
    </div>
    <div class="col-span-2 flex items-center gap-2">
    </div>
    <div class="col-span-2 flex items-center justify-end gap-4">
      <gui-button
        variant="outline"
        classname="h-[2rem] rounded-sm border border-[1px] border-muted-foreground/25 px-3 text-sm"
      >
        Edit
      </gui-button>
      <gui-button
        variant="outline"
        classname="h-[2rem] rounded-sm border border-[1px] border-muted-foreground/25 px-3 text-sm"
        role="link"
      >
        <span>
          Run
        </span>
        <gui-arrow-right-icon>
        </gui-arrow-right-icon>
      </gui-button>
    </div>
  </div>
</div>

`;
