// Vitest Snapshot v1, https://vitest.dev/guide/snapshot.html

exports[`AppSidebar Trigger > renders correctly 1`] = `

<gui-tooltip-provider>
  <gui-tooltip>
    <gui-tooltip-trigger aschild="true">
      <gui-sidebar-menu-button
        role="button"
        classname="w-fit"
      >
        <gui-panel-left-icon>
        </gui-panel-left-icon>
      </gui-sidebar-menu-button>
    </gui-tooltip-trigger>
    <gui-tooltip-content
      align="start"
      side="right"
    >
      toggle sidebar
    </gui-tooltip-content>
  </gui-tooltip>
</gui-tooltip-provider>

`;
